[INFO] Scanning for projects...
[INFO] 
[INFO] ------------------------< final.example:final >-------------------------
[INFO] Building idcard-project 0.0.1-SNAPSHOT
[INFO]   from pom.xml
[INFO] --------------------------------[ war ]---------------------------------
[INFO] 
[INFO] --- resources:3.5.0:resources (default-resources) @ final ---
[INFO] Copying 1 resource from src/main/resources to target/classes
[INFO] Copying 6 resources from src/main/resources to target/classes
[INFO] 
[INFO] --- compiler:3.15.0:compile (default-compile) @ final ---
[INFO] Nothing to compile - all classes are up to date.
[INFO] 
[INFO] --- resources:3.5.0:testResources (default-testResources) @ final ---
[INFO] Copying 1 resource from src/test/resources to target/test-classes
[INFO] 
[INFO] --- compiler:3.15.0:testCompile (default-testCompile) @ final ---
[INFO] Nothing to compile - all classes are up to date.
[INFO] 
[INFO] --- surefire:3.5.6:test (default-test) @ final ---
[INFO] Using auto detected provider org.apache.maven.surefire.junitplatform.JUnitPlatformProvider
[INFO] 
[INFO] -------------------------------------------------------
[INFO]  T E S T S
[INFO] -------------------------------------------------------
[INFO] Running com.example.demo.FinalApplicationTests
18:12:32.256 [main] INFO org.springframework.test.context.support.AnnotationConfigContextLoaderUtils -- Could not detect default configuration classes for test class [com.example.demo.FinalApplicationTests]: FinalApplicationTests does not declare any static, non-private, non-final, nested classes annotated with @Configuration.
18:12:32.425 [main] INFO org.springframework.boot.test.context.SpringBootTestContextBootstrapper -- Found @SpringBootConfiguration com.example.demo.FinalApplication for test class com.example.demo.FinalApplicationTests
18:12:32.568 [main] INFO org.springframework.test.context.support.AnnotationConfigContextLoaderUtils -- Could not detect default configuration classes for test class [com.example.demo.FinalApplicationTests]: FinalApplicationTests does not declare any static, non-private, non-final, nested classes annotated with @Configuration.
18:12:32.571 [main] INFO org.springframework.boot.test.context.SpringBootTestContextBootstrapper -- Found @SpringBootConfiguration com.example.demo.FinalApplication for test class com.example.demo.FinalApplicationTests
18:12:32.680 [main] INFO org.springframework.boot.devtools.restart.RestartApplicationListener -- Restart disabled due to context in which it is running

  .   ____          _            __ _ _
 /\\ / ___'_ __ _ _(_)_ __  __ _ \ \ \ \
( ( )\___ | '_ | '_| | '_ \/ _` | \ \ \ \
 \\/  ___)| |_)| | | | | || (_| |  ) ) ) )
  '  |____| .__|_| |_|_| |_\__, | / / / /
 =========|_|==============|___/=/_/_/_/

 :: Spring Boot ::                (v4.1.0)

2026-06-17T18:12:33.008+07:00  INFO 175471 --- [final-test] [           main] com.example.demo.FinalApplicationTests   : Starting FinalApplicationTests using Java 25.0.3 with PID 175471 (started by zeno in /media/zeno/Panha/2-School/ITC/I4/s2/2-coding/1-Vs-code/3-DevOp/0-Final/final)
2026-06-17T18:12:33.011+07:00  INFO 175471 --- [final-test] [           main] com.example.demo.FinalApplicationTests   : No active profile set, falling back to 1 default profile: "default"
2026-06-17T18:12:33.962+07:00  INFO 175471 --- [final-test] [           main] .s.d.r.c.RepositoryConfigurationDelegate : Bootstrapping Spring Data JPA repositories in DEFAULT mode.
2026-06-17T18:12:34.032+07:00  INFO 175471 --- [final-test] [           main] .s.d.r.c.RepositoryConfigurationDelegate : Finished Spring Data repository scanning in 60 ms. Found 2 JPA repository interfaces.
2026-06-17T18:12:34.672+07:00  INFO 175471 --- [final-test] [           main] org.hibernate.orm.jpa                    : HHH008540: Processing PersistenceUnitInfo [name: default]
2026-06-17T18:12:34.804+07:00  INFO 175471 --- [final-test] [           main] org.hibernate.orm.core                   : HHH000001: Hibernate ORM core version 7.4.1.Final
2026-06-17T18:12:35.585+07:00  INFO 175471 --- [final-test] [           main] o.s.o.j.p.SpringPersistenceUnitInfo      : No LoadTimeWeaver setup: ignoring JPA class transformer
2026-06-17T18:12:35.631+07:00  INFO 175471 --- [final-test] [           main] com.zaxxer.hikari.HikariDataSource       : HikariPool-1 - Starting...
2026-06-17T18:12:35.744+07:00  INFO 175471 --- [final-test] [           main] com.zaxxer.hikari.pool.HikariPool        : HikariPool-1 - Added connection org.sqlite.jdbc4.JDBC4Connection@2ebf524
2026-06-17T18:12:35.745+07:00  INFO 175471 --- [final-test] [           main] com.zaxxer.hikari.HikariDataSource       : HikariPool-1 - Start completed.
2026-06-17T18:12:35.796+07:00  INFO 175471 --- [final-test] [           main] org.hibernate.orm.connections.pooling    : HHH10001005: Database info:
	Database JDBC URL [jdbc:sqlite:target/testdb.sqlite]
	Database driver: SQLite JDBC
	Database dialect: SQLiteDialect
	Database version: 3.53.2
	Default catalog/schema: undefined/undefined
	Autocommit mode: undefined/unknown
	Isolation level: SERIALIZABLE [default SERIALIZABLE]
	JDBC fetch size: none
	Pool: DataSourceConnectionProvider
	Minimum pool size: undefined/unknown
	Maximum pool size: undefined/unknown
2026-06-17T18:12:36.887+07:00  INFO 175471 --- [final-test] [           main] org.hibernate.orm.core                   : HHH000489: No JTA platform available (set 'hibernate.transaction.jta.platform' to enable JTA platform integration)
2026-06-17T18:12:36.947+07:00  INFO 175471 --- [final-test] [           main] j.LocalContainerEntityManagerFactoryBean : Initialized JPA EntityManagerFactory for persistence unit 'default'
2026-06-17T18:12:37.070+07:00  INFO 175471 --- [final-test] [           main] o.s.d.j.r.query.QueryEnhancerFactories   : Hibernate is in classpath; If applicable, HQL parser will be used.
2026-06-17T18:12:37.534+07:00  WARN 175471 --- [final-test] [           main] JpaBaseConfiguration$JpaWebConfiguration : spring.jpa.open-in-view is enabled by default. Therefore, database queries may be performed during view rendering. Explicitly configure spring.jpa.open-in-view to disable this warning
2026-06-17T18:12:38.195+07:00  INFO 175471 --- [final-test] [           main] com.example.demo.FinalApplicationTests   : Started FinalApplicationTests in 5.534 seconds (process running for 7.017)
[INFO] Tests run: 16, Failures: 0, Errors: 0, Skipped: 0, Time elapsed: 7.618 s -- in com.example.demo.FinalApplicationTests
[INFO] 
[INFO] Results:
[INFO] 
[INFO] Tests run: 16, Failures: 0, Errors: 0, Skipped: 0
[INFO] 
[INFO] ------------------------------------------------------------------------
[INFO] BUILD SUCCESS
[INFO] ------------------------------------------------------------------------
[INFO] Total time:  9.837 s
[INFO] Finished at: 2026-06-17T18:12:39+07:00
[INFO] ------------------------------------------------------------------------
